Archive member included to satisfy reference by file (symbol)

e:/stm32cubeide_1.7.0/stm32cubeide/plugins/com.st.stm32cube.ide.mcu.externaltools.gnu-tools-for-stm32.9-2020-q2-update.win32_2.0.0.202105311346/tools/bin/../lib/gcc/arm-none-eabi/9.3.1/../../../../arm-none-eabi/lib/thumb/v7-m/nofp\libc_nano.a(lib_a-errno.o)
                              ./Core/Src/syscalls.o (__errno)
e:/stm32cubeide_1.7.0/stm32cubeide/plugins/com.st.stm32cube.ide.mcu.externaltools.gnu-tools-for-stm32.9-2020-q2-update.win32_2.0.0.202105311346/tools/bin/../lib/gcc/arm-none-eabi/9.3.1/../../../../arm-none-eabi/lib/thumb/v7-m/nofp\libc_nano.a(lib_a-exit.o)
                              e:/stm32cubeide_1.7.0/stm32cubeide/plugins/com.st.stm32cube.ide.mcu.externaltools.gnu-tools-for-stm32.9-2020-q2-update.win32_2.0.0.202105311346/tools/bin/../lib/gcc/arm-none-eabi/9.3.1/../../../../arm-none-eabi/lib/thumb/v7-m/nofp/crt0.o (exit)
e:/stm32cubeide_1.7.0/stm32cubeide/plugins/com.st.stm32cube.ide.mcu.externaltools.gnu-tools-for-stm32.9-2020-q2-update.win32_2.0.0.202105311346/tools/bin/../lib/gcc/arm-none-eabi/9.3.1/../../../../arm-none-eabi/lib/thumb/v7-m/nofp\libc_nano.a(lib_a-impure.o)
                              e:/stm32cubeide_1.7.0/stm32cubeide/plugins/com.st.stm32cube.ide.mcu.externaltools.gnu-tools-for-stm32.9-2020-q2-update.win32_2.0.0.202105311346/tools/bin/../lib/gcc/arm-none-eabi/9.3.1/../../../../arm-none-eabi/lib/thumb/v7-m/nofp\libc_nano.a(lib_a-exit.o) (_global_impure_ptr)
e:/stm32cubeide_1.7.0/stm32cubeide/plugins/com.st.stm32cube.ide.mcu.externaltools.gnu-tools-for-stm32.9-2020-q2-update.win32_2.0.0.202105311346/tools/bin/../lib/gcc/arm-none-eabi/9.3.1/../../../../arm-none-eabi/lib/thumb/v7-m/nofp\libc_nano.a(lib_a-init.o)
                              e:/stm32cubeide_1.7.0/stm32cubeide/plugins/com.st.stm32cube.ide.mcu.externaltools.gnu-tools-for-stm32.9-2020-q2-update.win32_2.0.0.202105311346/tools/bin/../lib/gcc/arm-none-eabi/9.3.1/../../../../arm-none-eabi/lib/thumb/v7-m/nofp/crt0.o (__libc_init_array)
e:/stm32cubeide_1.7.0/stm32cubeide/plugins/com.st.stm32cube.ide.mcu.externaltools.gnu-tools-for-stm32.9-2020-q2-update.win32_2.0.0.202105311346/tools/bin/../lib/gcc/arm-none-eabi/9.3.1/../../../../arm-none-eabi/lib/thumb/v7-m/nofp\libc_nano.a(lib_a-memset.o)
                              e:/stm32cubeide_1.7.0/stm32cubeide/plugins/com.st.stm32cube.ide.mcu.externaltools.gnu-tools-for-stm32.9-2020-q2-update.win32_2.0.0.202105311346/tools/bin/../lib/gcc/arm-none-eabi/9.3.1/../../../../arm-none-eabi/lib/thumb/v7-m/nofp/crt0.o (memset)

Allocating common symbols
Common symbol       size              file

uwTick              0x4               ./Drivers/STM32F1xx_HAL_Driver/Src/stm32f1xx_hal.o
pFlash              0x20              ./Drivers/STM32F1xx_HAL_Driver/Src/stm32f1xx_hal_flash.o
htim2               0x48              ./Core/Src/main.o

Discarded input sections

 .text          0x0000000000000000        0x0 e:/stm32cubeide_1.7.0/stm32cubeide/plugins/com.st.stm32cube.ide.mcu.externaltools.gnu-tools-for-stm32.9-2020-q2-update.win32_2.0.0.202105311346/tools/bin/../lib/gcc/arm-none-eabi/9.3.1/thumb/v7-m/nofp/crti.o
 .data          0x0000000000000000        0x0 e:/stm32cubeide_1.7.0/stm32cubeide/plugins/com.st.stm32cube.ide.mcu.externaltools.gnu-tools-for-stm32.9-2020-q2-update.win32_2.0.0.202105311346/tools/bin/../lib/gcc/arm-none-eabi/9.3.1/thumb/v7-m/nofp/crti.o
 .bss           0x0000000000000000        0x0 e:/stm32cubeide_1.7.0/stm32cubeide/plugins/com.st.stm32cube.ide.mcu.externaltools.gnu-tools-for-stm32.9-2020-q2-update.win32_2.0.0.202105311346/tools/bin/../lib/gcc/arm-none-eabi/9.3.1/thumb/v7-m/nofp/crti.o
 .data          0x0000000000000000        0x4 e:/stm32cubeide_1.7.0/stm32cubeide/plugins/com.st.stm32cube.ide.mcu.externaltools.gnu-tools-for-stm32.9-2020-q2-update.win32_2.0.0.202105311346/tools/bin/../lib/gcc/arm-none-eabi/9.3.1/thumb/v7-m/nofp/crtbegin.o
 .text          0x0000000000000000       0x7c e:/stm32cubeide_1.7.0/stm32cubeide/plugins/com.st.stm32cube.ide.mcu.externaltools.gnu-tools-for-stm32.9-2020-q2-update.win32_2.0.0.202105311346/tools/bin/../lib/gcc/arm-none-eabi/9.3.1/../../../../arm-none-eabi/lib/thumb/v7-m/nofp/crt0.o
 .data          0x0000000000000000        0x0 e:/stm32cubeide_1.7.0/stm32cubeide/plugins/com.st.stm32cube.ide.mcu.externaltools.gnu-tools-for-stm32.9-2020-q2-update.win32_2.0.0.202105311346/tools/bin/../lib/gcc/arm-none-eabi/9.3.1/../../../../arm-none-eabi/lib/thumb/v7-m/nofp/crt0.o
 .bss           0x0000000000000000        0x0 e:/stm32cubeide_1.7.0/stm32cubeide/plugins/com.st.stm32cube.ide.mcu.externaltools.gnu-tools-for-stm32.9-2020-q2-update.win32_2.0.0.202105311346/tools/bin/../lib/gcc/arm-none-eabi/9.3.1/../../../../arm-none-eabi/lib/thumb/v7-m/nofp/crt0.o
[...]
Memory Configuration

Name             Origin             Length             Attributes
RAM              0x0000000020000000 0x0000000000002800 xrw
FLASH            0x0000000008000000 0x0000000000008000 xr
*default*        0x0000000000000000 0xffffffffffffffff

Linker script and memory map

LOAD e:/stm32cubeide_1.7.0/stm32cubeide/plugins/com.st.stm32cube.ide.mcu.externaltools.gnu-tools-for-stm32.9-2020-q2-update.win32_2.0.0.202105311346/tools/bin/../lib/gcc/arm-none-eabi/9.3.1/thumb/v7-m/nofp/crti.o
LOAD e:/stm32cubeide_1.7.0/stm32cubeide/plugins/com.st.stm32cube.ide.mcu.externaltools.gnu-tools-for-stm32.9-2020-q2-update.win32_2.0.0.202105311346/tools/bin/../lib/gcc/arm-none-eabi/9.3.1/thumb/v7-m/nofp/crtbegin.o
LOAD e:/stm32cubeide_1.7.0/stm32cubeide/plugins/com.st.stm32cube.ide.mcu.externaltools.gnu-tools-for-stm32.9-2020-q2-update.win32_2.0.0.202105311346/tools/bin/../lib/gcc/arm-none-eabi/9.3.1/../../../../arm-none-eabi/lib/thumb/v7-m/nofp/crt0.o
LOAD ./Core/Src/button.o
LOAD ./Core/Src/display7SEG.o
LOAD ./Core/Src/fsm_automatic.o
LOAD ./Core/Src/fsm_manual.o
LOAD ./Core/Src/global.o
LOAD ./Core/Src/led.o
LOAD ./Core/Src/main.o
LOAD ./Core/Src/software_timer.o
LOAD ./Core/Src/stm32f1xx_hal_msp.o
LOAD ./Core/Src/stm32f1xx_it.o
LOAD ./Core/Src/syscalls.o
LOAD ./Core/Src/sysmem.o
LOAD ./Core/Src/system_stm32f1xx.o
LOAD ./Core/Startup/startup_stm32f103c6ux.o
LOAD ./Drivers/STM32F1xx_HAL_Driver/Src/stm32f1xx_hal.o
LOAD ./Drivers/STM32F1xx_HAL_Driver/Src/stm32f1xx_hal_cortex.o
LOAD ./Drivers/STM32F1xx_HAL_Driver/Src/stm32f1xx_hal_dma.o
LOAD ./Drivers/STM32F1xx_HAL_Driver/Src/stm32f1xx_hal_exti.o
LOAD ./Drivers/STM32F1xx_HAL_Driver/Src/stm32f1xx_hal_flash.o
LOAD ./Drivers/STM32F1xx_HAL_Driver/Src/stm32f1xx_hal_flash_ex.o
LOAD ./Drivers/STM32F1xx_HAL_Driver/Src/stm32f1xx_hal_gpio.o
LOAD ./Drivers/STM32F1xx_HAL_Driver/Src/stm32f1xx_hal_gpio_ex.o
LOAD ./Drivers/STM32F1xx_HAL_Driver/Src/stm32f1xx_hal_pwr.o
LOAD ./Drivers/STM32F1xx_HAL_Driver/Src/stm32f1xx_hal_rcc.o
LOAD ./Drivers/STM32F1xx_HAL_Driver/Src/stm32f1xx_hal_rcc_ex.o
LOAD ./Drivers/STM32F1xx_HAL_Driver/Src/stm32f1xx_hal_tim.o
LOAD ./Drivers/STM32F1xx_HAL_Driver/Src/stm32f1xx_hal_tim_ex.o
START GROUP
LOAD e:/stm32cubeide_1.7.0/stm32cubeide/plugins/com.st.stm32cube.ide.mcu.externaltools.gnu-tools-for-stm32.9-2020-q2-update.win32_2.0.0.202105311346/tools/bin/../lib/gcc/arm-none-eabi/9.3.1/../../../../arm-none-eabi/lib/thumb/v7-m/nofp\libc_nano.a
LOAD e:/stm32cubeide_1.7.0/stm32cubeide/plugins/com.st.stm32cube.ide.mcu.externaltools.gnu-tools-for-stm32.9-2020-q2-update.win32_2.0.0.202105311346/tools/bin/../lib/gcc/arm-none-eabi/9.3.1/../../../../arm-none-eabi/lib/thumb/v7-m/nofp\libm.a
END GROUP
START GROUP
LOAD e:/stm32cubeide_1.7.0/stm32cubeide/plugins/com.st.stm32cube.ide.mcu.externaltools.gnu-tools-for-stm32.9-2020-q2-update.win32_2.0.0.202105311346/tools/bin/../lib/gcc/arm-none-eabi/9.3.1/thumb/v7-m/nofp\libgcc.a
LOAD e:/stm32cubeide_1.7.0/stm32cubeide/plugins/com.st.stm32cube.ide.mcu.externaltools.gnu-tools-for-stm32.9-2020-q2-update.win32_2.0.0.202105311346/tools/bin/../lib/gcc/arm-none-eabi/9.3.1/../../../../arm-none-eabi/lib/thumb/v7-m/nofp\libc_nano.a
END GROUP
START GROUP
LOAD e:/stm32cubeide_1.7.0/stm32cubeide/plugins/com.st.stm32cube.ide.mcu.externaltools.gnu-tools-for-stm32.9-2020-q2-update.win32_2.0.0.202105311346/tools/bin/../lib/gcc/arm-none-eabi/9.3.1/thumb/v7-m/nofp\libgcc.a
LOAD e:/stm32cubeide_1.7.0/stm32cubeide/plugins/com.st.stm32cube.ide.mcu.externaltools.gnu-tools-for-stm32.9-2020-q2-update.win32_2.0.0.202105311346/tools/bin/../lib/gcc/arm-none-eabi/9.3.1/../../../../arm-none-eabi/lib/thumb/v7-m/nofp\libc_nano.a
LOAD e:/stm32cubeide_1.7.0/stm32cubeide/plugins/com.st.stm32cube.ide.mcu.externaltools.gnu-tools-for-stm32.9-2020-q2-update.win32_2.0.0.202105311346/tools/bin/../lib/gcc/arm-none-eabi/9.3.1/../../../../arm-none-eabi/lib/thumb/v7-m/nofp\libnosys.a
END GROUP
START GROUP
LOAD e:/stm32cubeide_1.7.0/stm32cubeide/plugins/com.st.stm32cube.ide.mcu.externaltools.gnu-tools-for-stm32.9-2020-q2-update.win32_2.0.0.202105311346/tools/bin/../lib/gcc/arm-none-eabi/9.3.1/thumb/v7-m/nofp\libgcc.a
LOAD e:/stm32cubeide_1.7.0/stm32cubeide/plugins/com.st.stm32cube.ide.mcu.externaltools.gnu-tools-for-stm32.9-2020-q2-update.win32_2.0.0.202105311346/tools/bin/../lib/gcc/arm-none-eabi/9.3.1/../../../../arm-none-eabi/lib/thumb/v7-m/nofp\libc_nano.a
LOAD e:/stm32cubeide_1.7.0/stm32cubeide/plugins/com.st.stm32cube.ide.mcu.externaltools.gnu-tools-for-stm32.9-2020-q2-update.win32_2.0.0.202105311346/tools/bin/../lib/gcc/arm-none-eabi/9.3.1/../../../../arm-none-eabi/lib/thumb/v7-m/nofp\libnosys.a
END GROUP
LOAD e:/stm32cubeide_1.7.0/stm32cubeide/plugins/com.st.stm32cube.ide.mcu.externaltools.gnu-tools-for-stm32.9-2020-q2-update.win32_2.0.0.202105311346/tools/bin/../lib/gcc/arm-none-eabi/9.3.1/thumb/v7-m/nofp/crtend.o
LOAD e:/stm32cubeide_1.7.0/stm32cubeide/plugins/com.st.stm32cube.ide.mcu.externaltools.gnu-tools-for-stm32.9-2020-q2-update.win32_2.0.0.202105311346/tools/bin/../lib/gcc/arm-none-eabi/9.3.1/thumb/v7-m/nofp/crtn.o
                0x0000000020002800                _estack = (ORIGIN (RAM) + LENGTH (RAM))
                0x0000000000000200                _Min_Heap_Size = 0x200
                0x0000000000000400                _Min_Stack_Size = 0x400

.isr_vector     0x0000000008000000      0x10c
                0x0000000008000000                . = ALIGN (0x4)
 *(.isr_vector)
 .isr_vector    0x0000000008000000      0x10c ./Core/Startup/startup_stm32f103c6ux.o
                0x0000000008000000                g_pfnVectors
                0x000000000800010c                . = ALIGN (0x4)

.text           0x000000000800010c     0x288c
                0x000000000800010c                . = ALIGN (0x4)
 *(.text)
 .text          0x000000000800010c       0x40 e:/stm32cubeide_1.7.0/stm32cubeide/plugins/com.st.stm32cube.ide.mcu.externaltools.gnu-tools-for-stm32.9-2020-q2-update.win32_2.0.0.202105311346/tools/bin/../lib/gcc/arm-none-eabi/9.3.1/thumb/v7-m/nofp/crtbegin.o
 *(.text*)
 .text.isButtonPressed
                0x000000000800014c       0x34 ./Core/Src/button.o
                0x000000000800014c                isButtonPressed
 .text.subKeyProcess
                0x0000000008000180       0x20 ./Core/Src/button.o
                0x0000000008000180                subKeyProcess
 .text.getKeyInput
                0x00000000080001a0      0x10c ./Core/Src/button.o
                0x00000000080001a0                getKeyInput
 .text.clearSignal
                0x00000000080002ac       0x3c ./Core/Src/display7SEG.o
                0x00000000080002ac                clearSignal
 .text.display7SEG
                0x00000000080002e8      0x320 ./Core/Src/display7SEG.o
                0x00000000080002e8                display7SEG
 .text.displaySignal
                0x0000000008000608       0x84 ./Core/Src/display7SEG.o
                0x0000000008000608                displaySignal
 .text.fsm_automatic
                0x000000000800068c      0x278 ./Core/Src/fsm_automatic.o
                0x000000000800068c                fsm_automatic
 .text.fsm_manual_run
                0x0000000008000904      0x27c ./Core/Src/fsm_manual.o
                0x0000000008000904                fsm_manual_run
 .text.updateLedBuffer
                0x0000000008000b80       0x80 ./Core/Src/global.o
                0x0000000008000b80                updateLedBuffer
 .text.onRED1   0x0000000008000c00       0x2c ./Core/Src/led.o
                0x0000000008000c00                onRED1
 .text.onYELLOW1
                0x0000000008000c2c       0x2c ./Core/Src/led.o
                0x0000000008000c2c                onYELLOW1
 .text.onGREEN1
                0x0000000008000c58       0x2c ./Core/Src/led.o
                0x0000000008000c58                onGREEN1
 .text.onRED2   0x0000000008000c84       0x2c ./Core/Src/led.o
                0x0000000008000c84                onRED2
 .text.onYELLOW2
                0x0000000008000cb0       0x2c ./Core/Src/led.o
                0x0000000008000cb0                onYELLOW2
 .text.onGREEN2
                0x0000000008000cdc       0x2c ./Core/Src/led.o
                0x0000000008000cdc                onGREEN2
 .text.offALL   0x0000000008000d08       0x48 ./Core/Src/led.o
                0x0000000008000d08                offALL
 .text.main     0x0000000008000d50       0xc8 ./Core/Src/main.o
                0x0000000008000d50                main
 .text.SystemClock_Config
                0x0000000008000e18       0x76 ./Core/Src/main.o
                0x0000000008000e18                SystemClock_Config
 *fill*         0x0000000008000e8e        0x2 
 .text.MX_TIM2_Init
                0x0000000008000e90       0x98 ./Core/Src/main.o
 .text.MX_GPIO_Init
                0x0000000008000f28       0xcc ./Core/Src/main.o
 .text.HAL_TIM_PeriodElapsedCallback
                0x0000000008000ff4       0x18 ./Core/Src/main.o
                0x0000000008000ff4                HAL_TIM_PeriodElapsedCallback
 .text.Error_Handler
                0x000000000800100c        0xa ./Core/Src/main.o
                0x000000000800100c                Error_Handler
 *fill*         0x0000000008001016        0x2 
 .text.setTimer1
                0x0000000008001018       0x28 ./Core/Src/software_timer.o
                0x0000000008001018                setTimer1
 .text.setTimer2
                0x0000000008001040       0x28 ./Core/Src/software_timer.o
                0x0000000008001040                setTimer2
 .text.setTimer3
                0x0000000008001068       0x28 ./Core/Src/software_timer.o
                0x0000000008001068                setTimer3
 .text.setTimer4
                0x0000000008001090       0x28 ./Core/Src/software_timer.o
                0x0000000008001090                setTimer4
 .text.setTimer5
                0x00000000080010b8       0x28 ./Core/Src/software_timer.o
                0x00000000080010b8                setTimer5
 .text.timerRun
                0x00000000080010e0      0x124 ./Core/Src/software_timer.o
                0x00000000080010e0                timerRun
 .text.HAL_MspInit
                0x0000000008001204       0x64 ./Core/Src/stm32f1xx_hal_msp.o
                0x0000000008001204                HAL_MspInit
 .text.HAL_TIM_Base_MspInit
                0x0000000008001268       0x48 ./Core/Src/stm32f1xx_hal_msp.o
                0x0000000008001268                HAL_TIM_Base_MspInit
 .text.NMI_Handler
                0x00000000080012b0        0x6 ./Core/Src/stm32f1xx_it.o
                0x00000000080012b0                NMI_Handler
 .text.HardFault_Handler
                0x00000000080012b6        0x6 ./Core/Src/stm32f1xx_it.o
                0x00000000080012b6                HardFault_Handler
 .text.MemManage_Handler
                0x00000000080012bc        0x6 ./Core/Src/stm32f1xx_it.o
                0x00000000080012bc                MemManage_Handler
 .text.BusFault_Handler
                0x00000000080012c2        0x6 ./Core/Src/stm32f1xx_it.o
                0x00000000080012c2                BusFault_Handler
 .text.UsageFault_Handler
                0x00000000080012c8        0x6 ./Core/Src/stm32f1xx_it.o
                0x00000000080012c8                UsageFault_Handler
 .text.SVC_Handler
                0x00000000080012ce        0xc ./Core/Src/stm32f1xx_it.o
                0x00000000080012ce                SVC_Handler
 .text.DebugMon_Handler
                0x00000000080012da        0xc ./Core/Src/stm32f1xx_it.o
                0x00000000080012da                DebugMon_Handler
 .text.PendSV_Handler
                0x00000000080012e6        0xc ./Core/Src/stm32f1xx_it.o
                0x00000000080012e6                PendSV_Handler
 .text.SysTick_Handler
                0x00000000080012f2        0xc ./Core/Src/stm32f1xx_it.o
                0x00000000080012f2                SysTick_Handler
 *fill*         0x00000000080012fe        0x2 
 .text.TIM2_IRQHandler
                0x0000000008001300       0x14 ./Core/Src/stm32f1xx_it.o
                0x0000000008001300                TIM2_IRQHandler
 .text.SystemInit
                0x0000000008001314        0xc ./Core/Src/system_stm32f1xx.o
                0x0000000008001314                SystemInit
 .text.Reset_Handler
                0x0000000008001320       0x48 ./Core/Startup/startup_stm32f103c6ux.o
                0x0000000008001320                Reset_Handler
 .text.Default_Handler
                0x0000000008001368        0x2 ./Core/Startup/startup_stm32f103c6ux.o
                0x0000000008001368                RTC_Alarm_IRQHandler
                0x0000000008001368                EXTI2_IRQHandler
                0x0000000008001368                TIM1_CC_IRQHandler
                0x0000000008001368                PVD_IRQHandler
                0x0000000008001368                EXTI3_IRQHandler
                0x0000000008001368                EXTI0_IRQHandler
                0x0000000008001368                ADC1_2_IRQHandler
                0x0000000008001368                SPI1_IRQHandler
                0x0000000008001368                TAMPER_IRQHandler
                0x0000000008001368                DMA1_Channel4_IRQHandler
                0x0000000008001368                RTC_IRQHandler
                0x0000000008001368                DMA1_Channel7_IRQHandler
                0x0000000008001368                CAN1_RX1_IRQHandler
                0x0000000008001368                I2C1_EV_IRQHandler
                0x0000000008001368                DMA1_Channel6_IRQHandler
                0x0000000008001368                TIM3_IRQHandler
                0x0000000008001368                RCC_IRQHandler
                0x0000000008001368                TIM1_TRG_COM_IRQHandler
                0x0000000008001368                DMA1_Channel1_IRQHandler
                0x0000000008001368                Default_Handler
                0x0000000008001368                EXTI15_10_IRQHandler
                0x0000000008001368                EXTI9_5_IRQHandler
                0x0000000008001368                DMA1_Channel5_IRQHandler
                0x0000000008001368                EXTI4_IRQHandler
                0x0000000008001368                USB_LP_CAN1_RX0_IRQHandler
                0x0000000008001368                USB_HP_CAN1_TX_IRQHandler
                0x0000000008001368                DMA1_Channel3_IRQHandler
                0x0000000008001368                TIM1_UP_IRQHandler
                0x0000000008001368                WWDG_IRQHandler
                0x0000000008001368                TIM1_BRK_IRQHandler
                0x0000000008001368                EXTI1_IRQHandler
                0x0000000008001368                USART2_IRQHandler
                0x0000000008001368                DMA1_Channel2_IRQHandler
                0x0000000008001368                CAN1_SCE_IRQHandler
                0x0000000008001368                FLASH_IRQHandler
                0x0000000008001368                USART1_IRQHandler
                0x0000000008001368                I2C1_ER_IRQHandler
                0x0000000008001368                USBWakeUp_IRQHandler
 *fill*         0x000000000800136a        0x2 
 .text.HAL_Init
                0x000000000800136c       0x2c ./Drivers/STM32F1xx_HAL_Driver/Src/stm32f1xx_hal.o
                0x000000000800136c                HAL_Init
 .text.HAL_InitTick
                0x0000000008001398       0x60 ./Drivers/STM32F1xx_HAL_Driver/Src/stm32f1xx_hal.o
                0x0000000008001398                HAL_InitTick
 .text.HAL_IncTick
                0x00000000080013f8       0x24 ./Drivers/STM32F1xx_HAL_Driver/Src/stm32f1xx_hal.o
                0x00000000080013f8                HAL_IncTick
 .text.HAL_GetTick
                0x000000000800141c       0x14 ./Drivers/STM32F1xx_HAL_Driver/Src/stm32f1xx_hal.o
                0x000000000800141c                HAL_GetTick
 .text.__NVIC_SetPriorityGrouping
                0x0000000008001430       0x48 ./Drivers/STM32F1xx_HAL_Driver/Src/stm32f1xx_hal_cortex.o
 .text.__NVIC_GetPriorityGrouping
                0x0000000008001478       0x1c ./Drivers/STM32F1xx_HAL_Driver/Src/stm32f1xx_hal_cortex.o
 .text.__NVIC_EnableIRQ
                0x0000000008001494       0x38 ./Drivers/STM32F1xx_HAL_Driver/Src/stm32f1xx_hal_cortex.o
 .text.__NVIC_SetPriority
                0x00000000080014cc       0x54 ./Drivers/STM32F1xx_HAL_Driver/Src/stm32f1xx_hal_cortex.o
 .text.NVIC_EncodePriority
                0x0000000008001520       0x64 ./Drivers/STM32F1xx_HAL_Driver/Src/stm32f1xx_hal_cortex.o
 .text.SysTick_Config
                0x0000000008001584       0x44 ./Drivers/STM32F1xx_HAL_Driver/Src/stm32f1xx_hal_cortex.o
 .text.HAL_NVIC_SetPriorityGrouping
                0x00000000080015c8       0x16 ./Drivers/STM32F1xx_HAL_Driver/Src/stm32f1xx_hal_cortex.o
                0x00000000080015c8                HAL_NVIC_SetPriorityGrouping
 .text.HAL_NVIC_SetPriority
                0x00000000080015de       0x38 ./Drivers/STM32F1xx_HAL_Driver/Src/stm32f1xx_hal_cortex.o
                0x00000000080015de                HAL_NVIC_SetPriority
 .text.HAL_NVIC_EnableIRQ
                0x0000000008001616       0x1c ./Drivers/STM32F1xx_HAL_Driver/Src/stm32f1xx_hal_cortex.o
                0x0000000008001616                HAL_NVIC_EnableIRQ
 .text.HAL_SYSTICK_Config
                0x0000000008001632       0x18 ./Drivers/STM32F1xx_HAL_Driver/Src/stm32f1xx_hal_cortex.o
                0x0000000008001632                HAL_SYSTICK_Config
 *fill*         0x000000000800164a        0x2 
 .text.HAL_GPIO_Init
                0x000000000800164c      0x2f4 ./Drivers/STM32F1xx_HAL_Driver/Src/stm32f1xx_hal_gpio.o
                0x000000000800164c                HAL_GPIO_Init
 .text.HAL_GPIO_ReadPin
                0x0000000008001940       0x2e ./Drivers/STM32F1xx_HAL_Driver/Src/stm32f1xx_hal_gpio.o
                0x0000000008001940                HAL_GPIO_ReadPin
 .text.HAL_GPIO_WritePin
                0x000000000800196e       0x30 ./Drivers/STM32F1xx_HAL_Driver/Src/stm32f1xx_hal_gpio.o
                0x000000000800196e                HAL_GPIO_WritePin
 *fill*         0x000000000800199e        0x2 
 .text.HAL_RCC_OscConfig
                0x00000000080019a0      0x500 ./Drivers/STM32F1xx_HAL_Driver/Src/stm32f1xx_hal_rcc.o
                0x00000000080019a0                HAL_RCC_OscConfig
 .text.HAL_RCC_ClockConfig
                0x0000000008001ea0      0x1d4 ./Drivers/STM32F1xx_HAL_Driver/Src/stm32f1xx_hal_rcc.o
                0x0000000008001ea0                HAL_RCC_ClockConfig
 .text.HAL_RCC_GetSysClockFreq
                0x0000000008002074       0xa8 ./Drivers/STM32F1xx_HAL_Driver/Src/stm32f1xx_hal_rcc.o
                0x0000000008002074                HAL_RCC_GetSysClockFreq
 .text.RCC_Delay
                0x000000000800211c       0x3c ./Drivers/STM32F1xx_HAL_Driver/Src/stm32f1xx_hal_rcc.o
 .text.HAL_TIM_Base_Init
                0x0000000008002158       0x9e ./Drivers/STM32F1xx_HAL_Driver/Src/stm32f1xx_hal_tim.o
                0x0000000008002158                HAL_TIM_Base_Init
 *fill*         0x00000000080021f6        0x2 
 .text.HAL_TIM_Base_Start_IT
                0x00000000080021f8       0x98 ./Drivers/STM32F1xx_HAL_Driver/Src/stm32f1xx_hal_tim.o
                0x00000000080021f8                HAL_TIM_Base_Start_IT
 .text.HAL_TIM_IRQHandler
                0x0000000008002290      0x210 ./Drivers/STM32F1xx_HAL_Driver/Src/stm32f1xx_hal_tim.o
                0x0000000008002290                HAL_TIM_IRQHandler
 .text.HAL_TIM_ConfigClockSource
                0x00000000080024a0      0x18e ./Drivers/STM32F1xx_HAL_Driver/Src/stm32f1xx_hal_tim.o
                0x00000000080024a0                HAL_TIM_ConfigClockSource
 .text.HAL_TIM_OC_DelayElapsedCallback
                0x000000000800262e       0x12 ./Drivers/STM32F1xx_HAL_Driver/Src/stm32f1xx_hal_tim.o
                0x000000000800262e                HAL_TIM_OC_DelayElapsedCallback
 .text.HAL_TIM_IC_CaptureCallback
                0x0000000008002640       0x12 ./Drivers/STM32F1xx_HAL_Driver/Src/stm32f1xx_hal_tim.o
                0x0000000008002640                HAL_TIM_IC_CaptureCallback
 .text.HAL_TIM_PWM_PulseFinishedCallback
                0x0000000008002652       0x12 ./Drivers/STM32F1xx_HAL_Driver/Src/stm32f1xx_hal_tim.o
                0x0000000008002652                HAL_TIM_PWM_PulseFinishedCallback
 .text.HAL_TIM_TriggerCallback
                0x0000000008002664       0x12 ./Drivers/STM32F1xx_HAL_Driver/Src/stm32f1xx_hal_tim.o
                0x0000000008002664                HAL_TIM_TriggerCallback
 *fill*         0x0000000008002676        0x2 
 .text.TIM_Base_SetConfig
                0x0000000008002678       0xb0 ./Drivers/STM32F1xx_HAL_Driver/Src/stm32f1xx_hal_tim.o
                0x0000000008002678                TIM_Base_SetConfig
 .text.TIM_TI1_ConfigInputStage
                0x0000000008002728       0x5c ./Drivers/STM32F1xx_HAL_Driver/Src/stm32f1xx_hal_tim.o
 .text.TIM_TI2_ConfigInputStage
                0x0000000008002784       0x5e ./Drivers/STM32F1xx_HAL_Driver/Src/stm32f1xx_hal_tim.o
 .text.TIM_ITRx_SetConfig
                0x00000000080027e2       0x34 ./Drivers/STM32F1xx_HAL_Driver/Src/stm32f1xx_hal_tim.o
 .text.TIM_ETR_SetConfig
                0x0000000008002816       0x3e ./Drivers/STM32F1xx_HAL_Driver/Src/stm32f1xx_hal_tim.o
                0x0000000008002816                TIM_ETR_SetConfig
 .text.HAL_TIMEx_MasterConfigSynchronization
                0x0000000008002854       0xb0 ./Drivers/STM32F1xx_HAL_Driver/Src/stm32f1xx_hal_tim_ex.o
                0x0000000008002854                HAL_TIMEx_MasterConfigSynchronization
 .text.HAL_TIMEx_CommutCallback
                0x0000000008002904       0x12 ./Drivers/STM32F1xx_HAL_Driver/Src/stm32f1xx_hal_tim_ex.o
                0x0000000008002904                HAL_TIMEx_CommutCallback
 .text.HAL_TIMEx_BreakCallback
                0x0000000008002916       0x12 ./Drivers/STM32F1xx_HAL_Driver/Src/stm32f1xx_hal_tim_ex.o
                0x0000000008002916                HAL_TIMEx_BreakCallback
 .text.__libc_init_array
                0x0000000008002928       0x48 e:/stm32cubeide_1.7.0/stm32cubeide/plugins/com.st.stm32cube.ide.mcu.externaltools.gnu-tools-for-stm32.9-2020-q2-update.win32_2.0.0.202105311346/tools/bin/../lib/gcc/arm-none-eabi/9.3.1/../../../../arm-none-eabi/lib/thumb/v7-m/nofp\libc_nano.a(lib_a-init.o)
                0x0000000008002928                __libc_init_array
 .text.memset   0x0000000008002970       0x10 e:/stm32cubeide_1.7.0/stm32cubeide/plugins/com.st.stm32cube.ide.mcu.externaltools.gnu-tools-for-stm32.9-2020-q2-update.win32_2.0.0.202105311346/tools/bin/../lib/gcc/arm-none-eabi/9.3.1/../../../../arm-none-eabi/lib/thumb/v7-m/nofp\libc_nano.a(lib_a-memset.o)
                0x0000000008002970                memset
 *(.glue_7)
 .glue_7        0x0000000008002980        0x0 linker stubs
 *(.glue_7t)
 .glue_7t       0x0000000008002980        0x0 linker stubs
 *(.eh_frame)
 .eh_frame      0x0000000008002980        0x0 e:/stm32cubeide_1.7.0/stm32cubeide/plugins/com.st.stm32cube.ide.mcu.externaltools.gnu-tools-for-stm32.9-2020-q2-update.win32_2.0.0.202105311346/tools/bin/../lib/gcc/arm-none-eabi/9.3.1/thumb/v7-m/nofp/crtbegin.o
 *(.init)
 .init          0x0000000008002980        0x4 e:/stm32cubeide_1.7.0/stm32cubeide/plugins/com.st.stm32cube.ide.mcu.externaltools.gnu-tools-for-stm32.9-2020-q2-update.win32_2.0.0.202105311346/tools/bin/../lib/gcc/arm-none-eabi/9.3.1/thumb/v7-m/nofp/crti.o
                0x0000000008002980                _init
 .init          0x0000000008002984        0x8 e:/stm32cubeide_1.7.0/stm32cubeide/plugins/com.st.stm32cube.ide.mcu.externaltools.gnu-tools-for-stm32.9-2020-q2-update.win32_2.0.0.202105311346/tools/bin/../lib/gcc/arm-none-eabi/9.3.1/thumb/v7-m/nofp/crtn.o
 *(.fini)
 .fini          0x000000000800298c        0x4 e:/stm32cubeide_1.7.0/stm32cubeide/plugins/com.st.stm32cube.ide.mcu.externaltools.gnu-tools-for-stm32.9-2020-q2-update.win32_2.0.0.202105311346/tools/bin/../lib/gcc/arm-none-eabi/9.3.1/thumb/v7-m/nofp/crti.o
                0x000000000800298c                _fini
 .fini          0x0000000008002990        0x8 e:/stm32cubeide_1.7.0/stm32cubeide/plugins/com.st.stm32cube.ide.mcu.externaltools.gnu-tools-for-stm32.9-2020-q2-update.win32_2.0.0.202105311346/tools/bin/../lib/gcc/arm-none-eabi/9.3.1/thumb/v7-m/nofp/crtn.o
                0x0000000008002998                . = ALIGN (0x4)
                0x0000000008002998                _etext = .

.vfp11_veneer   0x0000000008002998        0x0
 .vfp11_veneer  0x0000000008002998        0x0 linker stubs

.v4_bx          0x0000000008002998        0x0
 .v4_bx         0x0000000008002998        0x0 linker stubs

.iplt           0x0000000008002998        0x0
 .iplt          0x0000000008002998        0x0 e:/stm32cubeide_1.7.0/stm32cubeide/plugins/com.st.stm32cube.ide.mcu.externaltools.gnu-tools-for-stm32.9-2020-q2-update.win32_2.0.0.202105311346/tools/bin/../lib/gcc/arm-none-eabi/9.3.1/thumb/v7-m/nofp/crtbegin.o

.rodata         0x0000000008002998       0x24
                0x0000000008002998                . = ALIGN (0x4)
 *(.rodata)
 *(.rodata*)
 .rodata.AHBPrescTable
                0x0000000008002998       0x10 ./Core/Src/system_stm32f1xx.o
                0x0000000008002998                AHBPrescTable
 .rodata.aPLLMULFactorTable.6032
                0x00000000080029a8       0x10 ./Drivers/STM32F1xx_HAL_Driver/Src/stm32f1xx_hal_rcc.o
 .rodata.aPredivFactorTable.6033
                0x00000000080029b8        0x2 ./Drivers/STM32F1xx_HAL_Driver/Src/stm32f1xx_hal_rcc.o
                0x00000000080029bc                . = ALIGN (0x4)
 *fill*         0x00000000080029ba        0x2 

.rel.dyn        0x00000000080029bc        0x0
 .rel.iplt      0x00000000080029bc        0x0 e:/stm32cubeide_1.7.0/stm32cubeide/plugins/com.st.stm32cube.ide.mcu.externaltools.gnu-tools-for-stm32.9-2020-q2-update.win32_2.0.0.202105311346/tools/bin/../lib/gcc/arm-none-eabi/9.3.1/thumb/v7-m/nofp/crtbegin.o

.ARM.extab      0x00000000080029bc        0x0
                0x00000000080029bc                . = ALIGN (0x4)
 *(.ARM.extab* .gnu.linkonce.armextab.*)
                0x00000000080029bc                . = ALIGN (0x4)

.ARM            0x00000000080029bc        0x0
                0x00000000080029bc                . = ALIGN (0x4)
                0x00000000080029bc                __exidx_start = .
 *(.ARM.exidx*)
                0x00000000080029bc                __exidx_end = .
                0x00000000080029bc                . = ALIGN (0x4)

.preinit_array  0x00000000080029bc        0x0
                0x00000000080029bc                . = ALIGN (0x4)
                0x00000000080029bc                PROVIDE (__preinit_array_start = .)
 *(.preinit_array*)
                0x00000000080029bc                PROVIDE (__preinit_array_end = .)
                0x00000000080029bc                . = ALIGN (0x4)

.init_array     0x00000000080029bc        0x4
                0x00000000080029bc                . = ALIGN (0x4)
                0x00000000080029bc                PROVIDE (__init_array_start = .)
 *(SORT_BY_NAME(.init_array.*))
 *(.init_array*)
 .init_array    0x00000000080029bc        0x4 e:/stm32cubeide_1.7.0/stm32cubeide/plugins/com.st.stm32cube.ide.mcu.externaltools.gnu-tools-for-stm32.9-2020-q2-update.win32_2.0.0.202105311346/tools/bin/../lib/gcc/arm-none-eabi/9.3.1/thumb/v7-m/nofp/crtbegin.o
                0x00000000080029c0                PROVIDE (__init_array_end = .)
                0x00000000080029c0                . = ALIGN (0x4)

.fini_array     0x00000000080029c0        0x4
                0x00000000080029c0                . = ALIGN (0x4)
                [!provide]                        PROVIDE (__fini_array_start = .)
 *(SORT_BY_NAME(.fini_array.*))
 *(.fini_array*)
 .fini_array    0x00000000080029c0        0x4 e:/stm32cubeide_1.7.0/stm32cubeide/plugins/com.st.stm32cube.ide.mcu.externaltools.gnu-tools-for-stm32.9-2020-q2-update.win32_2.0.0.202105311346/tools/bin/../lib/gcc/arm-none-eabi/9.3.1/thumb/v7-m/nofp/crtbegin.o
                [!provide]                        PROVIDE (__fini_array_end = .)
                0x00000000080029c4                . = ALIGN (0x4)
                0x00000000080029c4                _sidata = LOADADDR (.data)

.data           0x0000000020000000       0x5c load address 0x00000000080029c4
                0x0000000020000000                . = ALIGN (0x4)
                0x0000000020000000                _sdata = .
 *(.data)
 *(.data*)
 .data.mode     0x0000000020000000        0x6 ./Core/Src/button.o
                0x0000000020000000                mode
 *fill*         0x0000000020000006        0x2 
 .data.KeyReg0  0x0000000020000008        0xc ./Core/Src/button.o
                0x0000000020000008                KeyReg0
 .data.KeyReg1  0x0000000020000014        0xc ./Core/Src/button.o
                0x0000000020000014                KeyReg1
 .data.KeyReg2  0x0000000020000020        0xc ./Core/Src/button.o
                0x0000000020000020                KeyReg2
 .data.KeyReg3  0x000000002000002c        0xc ./Core/Src/button.o
                0x000000002000002c                KeyReg3
 .data.TimeOutForKeyPress
                0x0000000020000038        0xc ./Core/Src/button.o
                0x0000000020000038                TimeOutForKeyPress
 .data.r_val    0x0000000020000044        0x4 ./Core/Src/global.o
                0x0000000020000044                r_val
 .data.y_val    0x0000000020000048        0x4 ./Core/Src/global.o
                0x0000000020000048                y_val
 .data.g_val    0x000000002000004c        0x4 ./Core/Src/global.o
                0x000000002000004c                g_val
 .data.SystemCoreClock
                0x0000000020000050        0x4 ./Core/Src/system_stm32f1xx.o
                0x0000000020000050                SystemCoreClock
 .data.uwTickPrio
                0x0000000020000054        0x4 ./Drivers/STM32F1xx_HAL_Driver/Src/stm32f1xx_hal.o
                0x0000000020000054                uwTickPrio
 .data.uwTickFreq
                0x0000000020000058        0x1 ./Drivers/STM32F1xx_HAL_Driver/Src/stm32f1xx_hal.o
                0x0000000020000058                uwTickFreq
 *(.RamFunc)
 *(.RamFunc*)
                0x000000002000005c                . = ALIGN (0x4)
 *fill*         0x0000000020000059        0x3 
                0x000000002000005c                _edata = .

.igot.plt       0x000000002000005c        0x0 load address 0x0000000008002a20
 .igot.plt      0x000000002000005c        0x0 e:/stm32cubeide_1.7.0/stm32cubeide/plugins/com.st.stm32cube.ide.mcu.externaltools.gnu-tools-for-stm32.9-2020-q2-update.win32_2.0.0.202105311346/tools/bin/../lib/gcc/arm-none-eabi/9.3.1/thumb/v7-m/nofp/crtbegin.o
                0x000000002000005c                . = ALIGN (0x4)

.bss            0x000000002000005c       0xdc load address 0x0000000008002a20
                0x000000002000005c                _sbss = .
                0x000000002000005c                __bss_start__ = _sbss
 *(.bss)
 .bss           0x000000002000005c       0x1c e:/stm32cubeide_1.7.0/stm32cubeide/plugins/com.st.stm32cube.ide.mcu.externaltools.gnu-tools-for-stm32.9-2020-q2-update.win32_2.0.0.202105311346/tools/bin/../lib/gcc/arm-none-eabi/9.3.1/thumb/v7-m/nofp/crtbegin.o
 *(.bss*)
 .bss.button_flag
                0x0000000020000078        0xc ./Core/Src/button.o
                0x0000000020000078                button_flag
 .bss.led_status
                0x0000000020000084        0x4 ./Core/Src/global.o
                0x0000000020000084                led_status
 .bss.led_buffer
                0x0000000020000088       0x10 ./Core/Src/global.o
                0x0000000020000088                led_buffer
 .bss.index_led
                0x0000000020000098        0x4 ./Core/Src/global.o
                0x0000000020000098                index_led
 .bss.timerRoad1
                0x000000002000009c        0x4 ./Core/Src/global.o
                0x000000002000009c                timerRoad1
 .bss.timerRoad2
                0x00000000200000a0        0x4 ./Core/Src/global.o
                0x00000000200000a0                timerRoad2
 .bss.r_inc     0x00000000200000a4        0x4 ./Core/Src/global.o
                0x00000000200000a4                r_inc
 .bss.g_inc     0x00000000200000a8        0x4 ./Core/Src/global.o
                0x00000000200000a8                g_inc
 .bss.y_inc     0x00000000200000ac        0x4 ./Core/Src/global.o
                0x00000000200000ac                y_inc
 .bss.toogleFlag
                0x00000000200000b0        0x4 ./Core/Src/global.o
                0x00000000200000b0                toogleFlag
 .bss.timer1_counter
                0x00000000200000b4        0x4 ./Core/Src/software_timer.o
                0x00000000200000b4                timer1_counter
 .bss.timer1_flag
                0x00000000200000b8        0x4 ./Core/Src/software_timer.o
                0x00000000200000b8                timer1_flag
 .bss.timer2_counter
                0x00000000200000bc        0x4 ./Core/Src/software_timer.o
                0x00000000200000bc                timer2_counter
 .bss.timer2_flag
                0x00000000200000c0        0x4 ./Core/Src/software_timer.o
                0x00000000200000c0                timer2_flag
 .bss.timer3_counter
                0x00000000200000c4        0x4 ./Core/Src/software_timer.o
                0x00000000200000c4                timer3_counter
 .bss.timer3_flag
                0x00000000200000c8        0x4 ./Core/Src/software_timer.o
                0x00000000200000c8                timer3_flag
 .bss.timer4_counter
                0x00000000200000cc        0x4 ./Core/Src/software_timer.o
                0x00000000200000cc                timer4_counter
 .bss.timer4_flag
                0x00000000200000d0        0x4 ./Core/Src/software_timer.o
                0x00000000200000d0                timer4_flag
 .bss.timer5_counter
                0x00000000200000d4        0x4 ./Core/Src/software_timer.o
                0x00000000200000d4                timer5_counter
 .bss.timer5_flag
                0x00000000200000d8        0x4 ./Core/Src/software_timer.o
                0x00000000200000d8                timer5_flag
 .bss.timer6_counter
                0x00000000200000dc        0x4 ./Core/Src/software_timer.o
                0x00000000200000dc                timer6_counter
 .bss.timer6_flag
                0x00000000200000e0        0x4 ./Core/Src/software_timer.o
                0x00000000200000e0                timer6_flag
 .bss.timer7_counter
                0x00000000200000e4        0x4 ./Core/Src/software_timer.o
                0x00000000200000e4                timer7_counter
 .bss.timer7_flag
                0x00000000200000e8        0x4 ./Core/Src/software_timer.o
                0x00000000200000e8                timer7_flag
 *(COMMON)
 COMMON         0x00000000200000ec       0x48 ./Core/Src/main.o
                0x00000000200000ec                htim2
 COMMON         0x0000000020000134        0x4 ./Drivers/STM32F1xx_HAL_Driver/Src/stm32f1xx_hal.o
                0x0000000020000134                uwTick
                0x0000000020000138                . = ALIGN (0x4)
                0x0000000020000138                _ebss = .
                0x0000000020000138                __bss_end__ = _ebss

._user_heap_stack
                0x0000000020000138      0x600 load address 0x0000000008002a20
                0x0000000020000138                . = ALIGN (0x8)
                [!provide]                        PROVIDE (end = .)
                0x0000000020000138                PROVIDE (_end = .)
                0x0000000020000338                . = (. + _Min_Heap_Size)
 *fill*         0x0000000020000138      0x200 
                0x0000000020000738                . = (. + _Min_Stack_Size)
 *fill*         0x0000000020000338      0x400 
                0x0000000020000738                . = ALIGN (0x8)

/DISCARD/
 libc.a(*)
 libm.a(*)
 libgcc.a(*)

.ARM.attributes
                0x0000000000000000       0x29
 *(.ARM.attributes)
 .ARM.attributes
                0x0000000000000000       0x1d e:/stm32cubeide_1.7.0/stm32cubeide/plugins/com.st.stm32cube.ide.mcu.externaltools.gnu-tools-for-stm32.9-2020-q2-update.win32_2.0.0.202105311346/tools/bin/../lib/gcc/arm-none-eabi/9.3.1/thumb/v7-m/nofp/crti.o
 .ARM.attributes
                0x000000000000001d       0x2d e:/stm32cubeide_1.7.0/stm32cubeide/plugins/com.st.stm32cube.ide.mcu.externaltools.gnu-tools-for-stm32.9-2020-q2-update.win32_2.0.0.202105311346/tools/bin/../lib/gcc/arm-none-eabi/9.3.1/thumb/v7-m/nofp/crtbegin.o
 .ARM.attributes
                0x000000000000004a       0x2d ./Core/Src/button.o
 .ARM.attributes
                0x0000000000000077       0x2d ./Core/Src/display7SEG.o
 .ARM.attributes
                0x00000000000000a4       0x2d ./Core/Src/fsm_automatic.o
 .ARM.attributes
                0x00000000000000d1       0x2d ./Core/Src/fsm_manual.o
 .ARM.attributes
                0x00000000000000fe       0x2d ./Core/Src/global.o
 .ARM.attributes
                0x000000000000012b       0x2d ./Core/Src/led.o
 .ARM.attributes
                0x0000000000000158       0x2d ./Core/Src/main.o
 .ARM.attributes
                0x0000000000000185       0x2d ./Core/Src/software_timer.o
 .ARM.attributes
                0x00000000000001b2       0x2d ./Core/Src/stm32f1xx_hal_msp.o
 .ARM.attributes
                0x00000000000001df       0x2d ./Core/Src/stm32f1xx_it.o
 .ARM.attributes
                0x000000000000020c       0x2d ./Core/Src/system_stm32f1xx.o
 .ARM.attributes
                0x0000000000000239       0x21 ./Core/Startup/startup_stm32f103c6ux.o
 .ARM.attributes
                0x000000000000025a       0x2d ./Drivers/STM32F1xx_HAL_Driver/Src/stm32f1xx_hal.o
 .ARM.attributes
                0x0000000000000287       0x2d ./Drivers/STM32F1xx_HAL_Driver/Src/stm32f1xx_hal_cortex.o
 .ARM.attributes
                0x00000000000002b4       0x2d ./Drivers/STM32F1xx_HAL_Driver/Src/stm32f1xx_hal_gpio.o
 .ARM.attributes
                0x00000000000002e1       0x2d ./Drivers/STM32F1xx_HAL_Driver/Src/stm32f1xx_hal_rcc.o
 .ARM.attributes
                0x000000000000030e       0x2d ./Drivers/STM32F1xx_HAL_Driver/Src/stm32f1xx_hal_tim.o
 .ARM.attributes
                0x000000000000033b       0x2d ./Drivers/STM32F1xx_HAL_Driver/Src/stm32f1xx_hal_tim_ex.o
 .ARM.attributes
                0x0000000000000368       0x2d e:/stm32cubeide_1.7.0/stm32cubeide/plugins/com.st.stm32cube.ide.mcu.externaltools.gnu-tools-for-stm32.9-2020-q2-update.win32_2.0.0.202105311346/tools/bin/../lib/gcc/arm-none-eabi/9.3.1/../../../../arm-none-eabi/lib/thumb/v7-m/nofp\libc_nano.a(lib_a-init.o)
 .ARM.attributes
                0x0000000000000395       0x2d e:/stm32cubeide_1.7.0/stm32cubeide/plugins/com.st.stm32cube.ide.mcu.externaltools.gnu-tools-for-stm32.9-2020-q2-update.win32_2.0.0.202105311346/tools/bin/../lib/gcc/arm-none-eabi/9.3.1/../../../../arm-none-eabi/lib/thumb/v7-m/nofp\libc_nano.a(lib_a-memset.o)
 .ARM.attributes
                0x00000000000003c2       0x1d e:/stm32cubeide_1.7.0/stm32cubeide/plugins/com.st.stm32cube.ide.mcu.externaltools.gnu-tools-for-stm32.9-2020-q2-update.win32_2.0.0.202105311346/tools/bin/../lib/gcc/arm-none-eabi/9.3.1/thumb/v7-m/nofp/crtn.o
OUTPUT(MCU_lab3.elf elf32-littlearm)
LOAD linker stubs
LOAD e:/stm32cubeide_1.7.0/stm32cubeide/plugins/com.st.stm32cube.ide.mcu.externaltools.gnu-tools-for-stm32.9-2020-q2-update.win32_2.0.0.202105311346/tools/bin/../lib/gcc/arm-none-eabi/9.3.1/../../../../arm-none-eabi/lib/thumb/v7-m/nofp\libc.a
LOAD e:/stm32cubeide_1.7.0/stm32cubeide/plugins/com.st.stm32cube.ide.mcu.externaltools.gnu-tools-for-stm32.9-2020-q2-update.win32_2.0.0.202105311346/tools/bin/../lib/gcc/arm-none-eabi/9.3.1/../../../../arm-none-eabi/lib/thumb/v7-m/nofp\libm.a
LOAD e:/stm32cubeide_1.7.0/stm32cubeide/plugins/com.st.stm32cube.ide.mcu.externaltools.gnu-tools-for-stm32.9-2020-q2-update.win32_2.0.0.202105311346/tools/bin/../lib/gcc/arm-none-eabi/9.3.1/thumb/v7-m/nofp\libgcc.a

.debug_info     0x0000000000000000     0x9ab8
 .debug_info    0x0000000000000000      0x434 ./Core/Src/button.o
 .debug_info    0x0000000000000434      0x38f ./Core/Src/display7SEG.o
 .debug_info    0x00000000000007c3      0x296 ./Core/Src/fsm_automatic.o
 .debug_info    0x0000000000000a59      0x296 ./Core/Src/fsm_manual.o
 .debug_info    0x0000000000000cef      0x33e ./Core/Src/global.o
 .debug_info    0x000000000000102d      0x2ab ./Core/Src/led.o
 .debug_info    0x00000000000012d8      0xc9a ./Core/Src/main.o
 .debug_info    0x0000000000001f72      0x275 ./Core/Src/software_timer.o
 .debug_info    0x00000000000021e7      0xa09 ./Core/Src/stm32f1xx_hal_msp.o
 .debug_info    0x0000000000002bf0      0x7b9 ./Core/Src/stm32f1xx_it.o
 .debug_info    0x00000000000033a9      0x2be ./Core/Src/system_stm32f1xx.o
 .debug_info    0x0000000000003667       0x22 ./Core/Startup/startup_stm32f103c6ux.o
 .debug_info    0x0000000000003689      0x74c ./Drivers/STM32F1xx_HAL_Driver/Src/stm32f1xx_hal.o
 .debug_info    0x0000000000003dd5      0xbbe ./Drivers/STM32F1xx_HAL_Driver/Src/stm32f1xx_hal_cortex.o
 .debug_info    0x0000000000004993      0x701 ./Drivers/STM32F1xx_HAL_Driver/Src/stm32f1xx_hal_gpio.o
 .debug_info    0x0000000000005094      0x893 ./Drivers/STM32F1xx_HAL_Driver/Src/stm32f1xx_hal_rcc.o
 .debug_info    0x0000000000005927     0x2c12 ./Drivers/STM32F1xx_HAL_Driver/Src/stm32f1xx_hal_tim.o
 .debug_info    0x0000000000008539     0x157f ./Drivers/STM32F1xx_HAL_Driver/Src/stm32f1xx_hal_tim_ex.o

.debug_abbrev   0x0000000000000000     0x1b9b
 .debug_abbrev  0x0000000000000000      0x184 ./Core/Src/button.o
 .debug_abbrev  0x0000000000000184      0x13d ./Core/Src/display7SEG.o
 .debug_abbrev  0x00000000000002c1       0xb6 ./Core/Src/fsm_automatic.o
 .debug_abbrev  0x0000000000000377       0xb6 ./Core/Src/fsm_manual.o
 .debug_abbrev  0x000000000000042d       0xc5 ./Core/Src/global.o
 .debug_abbrev  0x00000000000004f2       0xff ./Core/Src/led.o
 .debug_abbrev  0x00000000000005f1      0x248 ./Core/Src/main.o
 .debug_abbrev  0x0000000000000839       0xb6 ./Core/Src/software_timer.o
 .debug_abbrev  0x00000000000008ef      0x1b7 ./Core/Src/stm32f1xx_hal_msp.o
 .debug_abbrev  0x0000000000000aa6      0x176 ./Core/Src/stm32f1xx_it.o
 .debug_abbrev  0x0000000000000c1c      0x14e ./Core/Src/system_stm32f1xx.o
 .debug_abbrev  0x0000000000000d6a       0x12 ./Core/Startup/startup_stm32f103c6ux.o
 .debug_abbrev  0x0000000000000d7c      0x1ed ./Drivers/STM32F1xx_HAL_Driver/Src/stm32f1xx_hal.o
 .debug_abbrev  0x0000000000000f69      0x313 ./Drivers/STM32F1xx_HAL_Driver/Src/stm32f1xx_hal_cortex.o
 .debug_abbrev  0x000000000000127c      0x1e8 ./Drivers/STM32F1xx_HAL_Driver/Src/stm32f1xx_hal_gpio.o
 .debug_abbrev  0x0000000000001464      0x273 ./Drivers/STM32F1xx_HAL_Driver/Src/stm32f1xx_hal_rcc.o
 .debug_abbrev  0x00000000000016d7      0x25e ./Drivers/STM32F1xx_HAL_Driver/Src/stm32f1xx_hal_tim.o
 .debug_abbrev  0x0000000000001935      0x266 ./Drivers/STM32F1xx_HAL_Driver/Src/stm32f1xx_hal_tim_ex.o

.debug_aranges  0x0000000000000000      0xa98
 .debug_aranges
                0x0000000000000000       0x30 ./Core/Src/button.o
 .debug_aranges
                0x0000000000000030       0x30 ./Core/Src/display7SEG.o
 .debug_aranges
                0x0000000000000060       0x20 ./Core/Src/fsm_automatic.o
 .debug_aranges
                0x0000000000000080       0x20 ./Core/Src/fsm_manual.o
 .debug_aranges
                0x00000000000000a0       0x20 ./Core/Src/global.o
 .debug_aranges
                0x00000000000000c0       0x50 ./Core/Src/led.o
 .debug_aranges
                0x0000000000000110       0x48 ./Core/Src/main.o
 .debug_aranges
                0x0000000000000158       0x58 ./Core/Src/software_timer.o
 .debug_aranges
                0x00000000000001b0       0x30 ./Core/Src/stm32f1xx_hal_msp.o
 .debug_aranges
                0x00000000000001e0       0x68 ./Core/Src/stm32f1xx_it.o
 .debug_aranges
                0x0000000000000248       0x28 ./Core/Src/system_stm32f1xx.o
 .debug_aranges
                0x0000000000000270       0x28 ./Core/Startup/startup_stm32f103c6ux.o
 .debug_aranges
                0x0000000000000298       0xe0 ./Drivers/STM32F1xx_HAL_Driver/Src/stm32f1xx_hal.o
 .debug_aranges
                0x0000000000000378      0x100 ./Drivers/STM32F1xx_HAL_Driver/Src/stm32f1xx_hal_cortex.o
 .debug_aranges
                0x0000000000000478       0x58 ./Drivers/STM32F1xx_HAL_Driver/Src/stm32f1xx_hal_gpio.o
 .debug_aranges
                0x00000000000004d0       0x90 ./Drivers/STM32F1xx_HAL_Driver/Src/stm32f1xx_hal_rcc.o
 .debug_aranges
                0x0000000000000560      0x3d0 ./Drivers/STM32F1xx_HAL_Driver/Src/stm32f1xx_hal_tim.o
 .debug_aranges
                0x0000000000000930      0x168 ./Drivers/STM32F1xx_HAL_Driver/Src/stm32f1xx_hal_tim_ex.o

.debug_ranges   0x0000000000000000      0x980
 .debug_ranges  0x0000000000000000       0x20 ./Core/Src/button.o
 .debug_ranges  0x0000000000000020       0x20 ./Core/Src/display7SEG.o
 .debug_ranges  0x0000000000000040       0x10 ./Core/Src/fsm_automatic.o
 .debug_ranges  0x0000000000000050       0x10 ./Core/Src/fsm_manual.o
 .debug_ranges  0x0000000000000060       0x10 ./Core/Src/global.o
 .debug_ranges  0x0000000000000070       0x40 ./Core/Src/led.o
 .debug_ranges  0x00000000000000b0       0x38 ./Core/Src/main.o
 .debug_ranges  0x00000000000000e8       0x48 ./Core/Src/software_timer.o
 .debug_ranges  0x0000000000000130       0x20 ./Core/Src/stm32f1xx_hal_msp.o
 .debug_ranges  0x0000000000000150       0x58 ./Core/Src/stm32f1xx_it.o
 .debug_ranges  0x00000000000001a8       0x18 ./Core/Src/system_stm32f1xx.o
 .debug_ranges  0x00000000000001c0       0x20 ./Core/Startup/startup_stm32f103c6ux.o
 .debug_ranges  0x00000000000001e0       0xd0 ./Drivers/STM32F1xx_HAL_Driver/Src/stm32f1xx_hal.o
 .debug_ranges  0x00000000000002b0       0xf0 ./Drivers/STM32F1xx_HAL_Driver/Src/stm32f1xx_hal_cortex.o
 .debug_ranges  0x00000000000003a0       0x48 ./Drivers/STM32F1xx_HAL_Driver/Src/stm32f1xx_hal_gpio.o
 .debug_ranges  0x00000000000003e8       0x80 ./Drivers/STM32F1xx_HAL_Driver/Src/stm32f1xx_hal_rcc.o
 .debug_ranges  0x0000000000000468      0x3c0 ./Drivers/STM32F1xx_HAL_Driver/Src/stm32f1xx_hal_tim.o
 .debug_ranges  0x0000000000000828      0x158 ./Drivers/STM32F1xx_HAL_Driver/Src/stm32f1xx_hal_tim_ex.o

.debug_macro    0x0000000000000000    0x16eec
 .debug_macro   0x0000000000000000      0x1ea ./Core/Src/button.o
 .debug_macro   0x00000000000001ea      0xa9c ./Core/Src/button.o
 .debug_macro   0x0000000000000c86      0x215 ./Core/Src/button.o
 .debug_macro   0x0000000000000e9b       0x2e ./Core/Src/button.o
 .debug_macro   0x0000000000000ec9       0x22 ./Core/Src/button.o
 .debug_macro   0x0000000000000eeb       0x22 ./Core/Src/button.o
 .debug_macro   0x0000000000000f0d       0x8e ./Core/Src/button.o
 .debug_macro   0x0000000000000f9b       0x51 ./Core/Src/button.o
 .debug_macro   0x0000000000000fec      0x103 ./Core/Src/button.o
 .debug_macro   0x00000000000010ef       0x6a ./Core/Src/button.o
 .debug_macro   0x0000000000001159      0x1df ./Core/Src/button.o
 .debug_macro   0x0000000000001338       0x1c ./Core/Src/button.o
 .debug_macro   0x0000000000001354       0x22 ./Core/Src/button.o
 .debug_macro   0x0000000000001376       0xc3 ./Core/Src/button.o
 .debug_macro   0x0000000000001439      0xd23 ./Core/Src/button.o
 .debug_macro   0x000000000000215c     0xde75 ./Core/Src/button.o
 .debug_macro   0x000000000000ffd1       0x6d ./Core/Src/button.o
 .debug_macro   0x000000000001003e     0x348d ./Core/Src/button.o
 .debug_macro   0x00000000000134cb      0x174 ./Core/Src/button.o
 .debug_macro   0x000000000001363f       0x5c ./Core/Src/button.o
 .debug_macro   0x000000000001369b      0x5bc ./Core/Src/button.o
 .debug_macro   0x0000000000013c57      0x1b7 ./Core/Src/button.o
 .debug_macro   0x0000000000013e0e      0x1cb ./Core/Src/button.o
 .debug_macro   0x0000000000013fd9      0x114 ./Core/Src/button.o
 .debug_macro   0x00000000000140ed      0x1b2 ./Core/Src/button.o
 .debug_macro   0x000000000001429f       0x27 ./Core/Src/button.o
 .debug_macro   0x00000000000142c6      0x12f ./Core/Src/button.o
 .debug_macro   0x00000000000143f5      0x1bc ./Core/Src/button.o
 .debug_macro   0x00000000000145b1       0x34 ./Core/Src/button.o
 .debug_macro   0x00000000000145e5       0x3c ./Core/Src/button.o
 .debug_macro   0x0000000000014621       0x57 ./Core/Src/button.o
 .debug_macro   0x0000000000014678       0x87 ./Core/Src/button.o
 .debug_macro   0x00000000000146ff      0x183 ./Core/Src/button.o
 .debug_macro   0x0000000000014882      0x140 ./Core/Src/button.o
 .debug_macro   0x00000000000149c2      0x8ed ./Core/Src/button.o
 .debug_macro   0x00000000000152af       0x69 ./Core/Src/button.o
 .debug_macro   0x0000000000015318       0xf4 ./Core/Src/button.o
 .debug_macro   0x000000000001540c       0x34 ./Core/Src/button.o
 .debug_macro   0x0000000000015440       0x16 ./Core/Src/button.o
 .debug_macro   0x0000000000015456      0x1ea ./Core/Src/display7SEG.o
 .debug_macro   0x0000000000015640      0x1ea ./Core/Src/fsm_automatic.o
 .debug_macro   0x000000000001582a       0x1c ./Core/Src/fsm_automatic.o
 .debug_macro   0x0000000000015846      0x1ea ./Core/Src/fsm_manual.o
 .debug_macro   0x0000000000015a30      0x1e0 ./Core/Src/global.o
 .debug_macro   0x0000000000015c10      0x1b0 ./Core/Src/led.o
 .debug_macro   0x0000000000015dc0      0x1f8 ./Core/Src/main.o
 .debug_macro   0x0000000000015fb8       0x1b ./Core/Src/software_timer.o
 .debug_macro   0x0000000000015fd3      0x1a6 ./Core/Src/stm32f1xx_hal_msp.o
 .debug_macro   0x0000000000016179      0x1b0 ./Core/Src/stm32f1xx_it.o
 .debug_macro   0x0000000000016329      0x197 ./Core/Src/system_stm32f1xx.o
 .debug_macro   0x00000000000164c0      0x1bb ./Drivers/STM32F1xx_HAL_Driver/Src/stm32f1xx_hal.o
 .debug_macro   0x000000000001667b      0x197 ./Drivers/STM32F1xx_HAL_Driver/Src/stm32f1xx_hal_cortex.o
 .debug_macro   0x0000000000016812      0x202 ./Drivers/STM32F1xx_HAL_Driver/Src/stm32f1xx_hal_gpio.o
 .debug_macro   0x0000000000016a14      0x1a9 ./Drivers/STM32F1xx_HAL_Driver/Src/stm32f1xx_hal_rcc.o
 .debug_macro   0x0000000000016bbd      0x198 ./Drivers/STM32F1xx_HAL_Driver/Src/stm32f1xx_hal_tim.o
 .debug_macro   0x0000000000016d55      0x197 ./Drivers/STM32F1xx_HAL_Driver/Src/stm32f1xx_hal_tim_ex.o

.debug_line     0x0000000000000000     0xc0a9
 .debug_line    0x0000000000000000      0x739 ./Core/Src/button.o
 .debug_line    0x0000000000000739      0x78f ./Core/Src/display7SEG.o
 .debug_line    0x0000000000000ec8      0x7e1 ./Core/Src/fsm_automatic.o
 .debug_line    0x00000000000016a9      0x7b2 ./Core/Src/fsm_manual.o
 .debug_line    0x0000000000001e5b      0x6a7 ./Core/Src/global.o
 .debug_line    0x0000000000002502      0x6ed ./Core/Src/led.o
 .debug_line    0x0000000000002bef      0x804 ./Core/Src/main.o
 .debug_line    0x00000000000033f3      0x1a6 ./Core/Src/software_timer.o
 .debug_line    0x0000000000003599      0x695 ./Core/Src/stm32f1xx_hal_msp.o
 .debug_line    0x0000000000003c2e      0x733 ./Core/Src/stm32f1xx_it.o
 .debug_line    0x0000000000004361      0x6d7 ./Core/Src/system_stm32f1xx.o
 .debug_line    0x0000000000004a38       0x86 ./Core/Startup/startup_stm32f103c6ux.o
 .debug_line    0x0000000000004abe      0x904 ./Drivers/STM32F1xx_HAL_Driver/Src/stm32f1xx_hal.o
 .debug_line    0x00000000000053c2      0xaec ./Drivers/STM32F1xx_HAL_Driver/Src/stm32f1xx_hal_cortex.o
 .debug_line    0x0000000000005eae      0x987 ./Drivers/STM32F1xx_HAL_Driver/Src/stm32f1xx_hal_gpio.o
 .debug_line    0x0000000000006835      0xd10 ./Drivers/STM32F1xx_HAL_Driver/Src/stm32f1xx_hal_rcc.o
 .debug_line    0x0000000000007545     0x333a ./Drivers/STM32F1xx_HAL_Driver/Src/stm32f1xx_hal_tim.o
 .debug_line    0x000000000000a87f     0x182a ./Drivers/STM32F1xx_HAL_Driver/Src/stm32f1xx_hal_tim_ex.o

.debug_str      0x0000000000000000    0x823cb
 .debug_str     0x0000000000000000    0x7f871 ./Core/Src/button.o
                                      0x7fbd6 (size before relaxing)
 .debug_str     0x000000000007f871       0x46 ./Core/Src/display7SEG.o
                                      0x7fba5 (size before relaxing)
 .debug_str     0x000000000007f8b7       0x40 ./Core/Src/fsm_automatic.o
                                      0x7fb6e (size before relaxing)
 .debug_str     0x000000000007f8f7       0x3b ./Core/Src/fsm_manual.o
                                      0x7fb69 (size before relaxing)
 .debug_str     0x000000000007f932       0x25 ./Core/Src/global.o
                                      0x7fb53 (size before relaxing)
 .debug_str     0x000000000007f957       0x4d ./Core/Src/led.o
                                      0x7fa19 (size before relaxing)
 .debug_str     0x000000000007f9a4      0x6fb ./Core/Src/main.o
                                      0x8032d (size before relaxing)
 .debug_str     0x000000000008009f       0xea ./Core/Src/software_timer.o
                                       0x2e90 (size before relaxing)
 .debug_str     0x0000000000080189      0x2ba ./Core/Src/stm32f1xx_hal_msp.o
                                      0x801b4 (size before relaxing)
 .debug_str     0x0000000000080443       0xcd ./Core/Src/stm32f1xx_it.o
                                      0x7ff16 (size before relaxing)
 .debug_str     0x0000000000080510       0x52 ./Core/Src/system_stm32f1xx.o
                                      0x7f6cb (size before relaxing)
 .debug_str     0x0000000000080562       0x36 ./Core/Startup/startup_stm32f103c6ux.o
                                         0x5a (size before relaxing)
 .debug_str     0x0000000000080598      0x304 ./Drivers/STM32F1xx_HAL_Driver/Src/stm32f1xx_hal.o
                                      0x7fd22 (size before relaxing)
 .debug_str     0x000000000008089c      0x300 ./Drivers/STM32F1xx_HAL_Driver/Src/stm32f1xx_hal_cortex.o
                                      0x7fd2a (size before relaxing)
 .debug_str     0x0000000000080b9c      0x324 ./Drivers/STM32F1xx_HAL_Driver/Src/stm32f1xx_hal_gpio.o
                                      0x7fa8f (size before relaxing)
 .debug_str     0x0000000000080ec0      0x24f ./Drivers/STM32F1xx_HAL_Driver/Src/stm32f1xx_hal_rcc.o
                                      0x7fac8 (size before relaxing)
 .debug_str     0x000000000008110f      0xdce ./Drivers/STM32F1xx_HAL_Driver/Src/stm32f1xx_hal_tim.o
                                      0x80aa1 (size before relaxing)
 .debug_str     0x0000000000081edd      0x4ee ./Drivers/STM32F1xx_HAL_Driver/Src/stm32f1xx_hal_tim_ex.o
                                      0x80252 (size before relaxing)

.comment        0x0000000000000000       0x53
 .comment       0x0000000000000000       0x53 ./Core/Src/button.o
                                         0x54 (size before relaxing)
 .comment       0x0000000000000053       0x54 ./Core/Src/display7SEG.o
 .comment       0x0000000000000053       0x54 ./Core/Src/fsm_automatic.o
 .comment       0x0000000000000053       0x54 ./Core/Src/fsm_manual.o
 .comment       0x0000000000000053       0x54 ./Core/Src/global.o
 .comment       0x0000000000000053       0x54 ./Core/Src/led.o
 .comment       0x0000000000000053       0x54 ./Core/Src/main.o
 .comment       0x0000000000000053       0x54 ./Core/Src/software_timer.o
 .comment       0x0000000000000053       0x54 ./Core/Src/stm32f1xx_hal_msp.o
 .comment       0x0000000000000053       0x54 ./Core/Src/stm32f1xx_it.o
 .comment       0x0000000000000053       0x54 ./Core/Src/system_stm32f1xx.o
 .comment       0x0000000000000053       0x54 ./Drivers/STM32F1xx_HAL_Driver/Src/stm32f1xx_hal.o
 .comment       0x0000000000000053       0x54 ./Drivers/STM32F1xx_HAL_Driver/Src/stm32f1xx_hal_cortex.o
 .comment       0x0000000000000053       0x54 ./Drivers/STM32F1xx_HAL_Driver/Src/stm32f1xx_hal_gpio.o
 .comment       0x0000000000000053       0x54 ./Drivers/STM32F1xx_HAL_Driver/Src/stm32f1xx_hal_rcc.o
 .comment       0x0000000000000053       0x54 ./Drivers/STM32F1xx_HAL_Driver/Src/stm32f1xx_hal_tim.o
 .comment       0x0000000000000053       0x54 ./Drivers/STM32F1xx_HAL_Driver/Src/stm32f1xx_hal_tim_ex.o

.debug_frame    0x0000000000000000     0x2968
 .debug_frame   0x0000000000000000       0x84 ./Core/Src/button.o
 .debug_frame   0x0000000000000084       0x78 ./Core/Src/display7SEG.o
 .debug_frame   0x00000000000000fc       0x2c ./Core/Src/fsm_automatic.o
 .debug_frame   0x0000000000000128       0x2c ./Core/Src/fsm_manual.o
 .debug_frame   0x0000000000000154       0x30 ./Core/Src/global.o
 .debug_frame   0x0000000000000184       0xd4 ./Core/Src/led.o
 .debug_frame   0x0000000000000258       0xd4 ./Core/Src/main.o
 .debug_frame   0x000000000000032c      0x148 ./Core/Src/software_timer.o
 .debug_frame   0x0000000000000474       0x80 ./Core/Src/stm32f1xx_hal_msp.o
 .debug_frame   0x00000000000004f4      0x120 ./Core/Src/stm32f1xx_it.o
 .debug_frame   0x0000000000000614       0x58 ./Core/Src/system_stm32f1xx.o
 .debug_frame   0x000000000000066c      0x334 ./Drivers/STM32F1xx_HAL_Driver/Src/stm32f1xx_hal.o
 .debug_frame   0x00000000000009a0      0x428 ./Drivers/STM32F1xx_HAL_Driver/Src/stm32f1xx_hal_cortex.o
 .debug_frame   0x0000000000000dc8      0x14c ./Drivers/STM32F1xx_HAL_Driver/Src/stm32f1xx_hal_gpio.o
 .debug_frame   0x0000000000000f14      0x218 ./Drivers/STM32F1xx_HAL_Driver/Src/stm32f1xx_hal_rcc.o
 .debug_frame   0x000000000000112c     0x11b8 ./Drivers/STM32F1xx_HAL_Driver/Src/stm32f1xx_hal_tim.o
 .debug_frame   0x00000000000022e4      0x638 ./Drivers/STM32F1xx_HAL_Driver/Src/stm32f1xx_hal_tim_ex.o
 .debug_frame   0x000000000000291c       0x2c e:/stm32cubeide_1.7.0/stm32cubeide/plugins/com.st.stm32cube.ide.mcu.externaltools.gnu-tools-for-stm32.9-2020-q2-update.win32_2.0.0.202105311346/tools/bin/../lib/gcc/arm-none-eabi/9.3.1/../../../../arm-none-eabi/lib/thumb/v7-m/nofp\libc_nano.a(lib_a-init.o)
 .debug_frame   0x0000000000002948       0x20 e:/stm32cubeide_1.7.0/stm32cubeide/plugins/com.st.stm32cube.ide.mcu.externaltools.gnu-tools-for-stm32.9-2020-q2-update.win32_2.0.0.202105311346/tools/bin/../lib/gcc/arm-none-eabi/9.3.1/../../../../arm-none-eabi/lib/thumb/v7-m/nofp\libc_nano.a(lib_a-memset.o)
